X69Z_EVENT {"enhancement_budget_seconds": 900.0, "event": "agent_start", "input_dir": "/saisdata", "output_dir": "/work/targetmol/run/baseline", "prefer_gpu_scorer": true, "resolved_target_dir": "/saisdata", "scratch_dir": "/tmp/x69z_target_molecule_scratch/run-66-1781797556727", "target_exists": [true, true, true], "version": "v107-diverse-evaluable-evolution"}
X69Z_EVENT {"event": "local_zip_valid", "path": "/tmp/x69z_target_molecule_result/result-66-1781797624464.zip", "size": 2192}
X69Z_EVENT {"event": "result_zip_valid", "path": "/work/targetmol/run/baseline/result.zip", "size": 2192}
X69Z_EVENT {"error_type": "CUDARuntimeError", "event": "gpu_cupy_unavailable"}
X69Z_EVENT {"error_type": "ModuleNotFoundError", "event": "gpu_torch_unavailable"}
X69Z_EVENT {"error_type": "CUDARuntimeError", "event": "gpu_cupy_unavailable"}
X69Z_EVENT {"error_type": "ModuleNotFoundError", "event": "gpu_torch_unavailable"}
X69Z_EVENT {"error_type": "CUDARuntimeError", "event": "gpu_cupy_unavailable"}
X69Z_EVENT {"error_type": "ModuleNotFoundError", "event": "gpu_torch_unavailable"}
X69Z_EVENT {"error_type": "CUDARuntimeError", "event": "gpu_cupy_unavailable"}
X69Z_EVENT {"error_type": "ModuleNotFoundError", "event": "gpu_torch_unavailable"}
X69Z_EVENT {"error_type": "CUDARuntimeError", "event": "gpu_cupy_unavailable"}
X69Z_EVENT {"error_type": "ModuleNotFoundError", "event": "gpu_torch_unavailable"}
X69Z_EVENT {"error_type": "CUDARuntimeError", "event": "gpu_cupy_unavailable"}
X69Z_EVENT {"error_type": "ModuleNotFoundError", "event": "gpu_torch_unavailable"}
X69Z_EVENT {"error_type": "CUDARuntimeError", "event": "gpu_cupy_unavailable"}
X69Z_EVENT {"error_type": "ModuleNotFoundError", "event": "gpu_torch_unavailable"}
X69Z_EVENT {"error_type": "CUDARuntimeError", "event": "gpu_cupy_unavailable"}
X69Z_EVENT {"error_type": "ModuleNotFoundError", "event": "gpu_torch_unavailable"}
X69Z_EVENT {"error_type": "CUDARuntimeError", "event": "gpu_cupy_unavailable"}
X69Z_EVENT {"error_type": "ModuleNotFoundError", "event": "gpu_torch_unavailable"}
X69Z_EVENT {"error_type": "CUDARuntimeError", "event": "gpu_cupy_unavailable"}
X69Z_EVENT {"error_type": "ModuleNotFoundError", "event": "gpu_torch_unavailable"}
X69Z_EVENT {"error_type": "CUDARuntimeError", "event": "gpu_cupy_unavailable"}
X69Z_EVENT {"error_type": "ModuleNotFoundError", "event": "gpu_torch_unavailable"}
X69Z_EVENT {"error_type": "CUDARuntimeError", "event": "gpu_cupy_unavailable"}
X69Z_EVENT {"error_type": "ModuleNotFoundError", "event": "gpu_torch_unavailable"}
X69Z_EVENT {"error_type": "CUDARuntimeError", "event": "gpu_cupy_unavailable"}
X69Z_EVENT {"error_type": "ModuleNotFoundError", "event": "gpu_torch_unavailable"}
X69Z_EVENT {"error_type": "CUDARuntimeError", "event": "gpu_cupy_unavailable"}
X69Z_EVENT {"error_type": "ModuleNotFoundError", "event": "gpu_torch_unavailable"}
X69Z_EVENT {"error_type": "CUDARuntimeError", "event": "gpu_cupy_unavailable"}
X69Z_EVENT {"error_type": "ModuleNotFoundError", "event": "gpu_torch_unavailable"}
X69Z_EVENT {"event": "local_zip_valid", "path": "/tmp/x69z_target_molecule_result/result-66-1781797692333.zip", "size": 2656}
X69Z_EVENT {"event": "result_zip_valid", "path": "/work/targetmol/run/baseline/result.zip", "size": 2656}
